Run c5d61347-6fa3-401f-9baf-47b4dda3ae11 created (1 jobs queued)
  ○ build (Queued)
[preloop] still waiting: 1 job(s) queued, 0 debug session(s) paused on the server (preloop debug <id> to inspect)
[preloop] still waiting: 1 job(s) queued, 0 debug session(s) paused on the server (preloop debug <id> to inspect)
[preloop] still waiting: 1 job(s) queued, 0 debug session(s) paused on the server (preloop debug <id> to inspect)
[preloop] still waiting: 1 job(s) queued, 0 debug session(s) paused on the server (preloop debug <id> to inspect)
[preloop] still waiting: 1 job(s) queued, 0 debug session(s) paused on the server (preloop debug <id> to inspect)
[preloop] still waiting: 1 job(s) queued, 0 debug session(s) paused on the server (preloop debug <id> to inspect)
[preloop] still waiting: 1 job(s) queued, 0 debug session(s) paused on the server (preloop debug <id> to inspect)
[preloop] still waiting: 1 job(s) queued, 0 debug session(s) paused on the server (preloop debug <id> to inspect)
[preloop] still waiting: 1 job(s) queued, 0 debug session(s) paused on the server (preloop debug <id> to inspect)
[preloop] still waiting: 1 job(s) queued, 0 debug session(s) paused on the server (preloop debug <id> to inspect)
[preloop] still waiting: 1 job(s) queued, 0 debug session(s) paused on the server (preloop debug <id> to inspect)
[preloop] still waiting: 1 job(s) queued, 0 debug session(s) paused on the server (preloop debug <id> to inspect)
[preloop] still waiting: 1 job(s) queued, 0 debug session(s) paused on the server (preloop debug <id> to inspect)
[preloop] still waiting: 1 job(s) queued, 0 debug session(s) paused on the server (preloop debug <id> to inspect)
[preloop] still waiting: 1 job(s) queued, 0 debug session(s) paused on the server (preloop debug <id> to inspect)
[preloop] still waiting: 1 job(s) queued, 0 debug session(s) paused on the server (preloop debug <id> to inspect)
  ✓ build (Success)
✓ Run: Success
