Run ba48b08c-aadf-48ad-90ec-4e03969d2da4 created (1 jobs queued)
  ○ build (Queued)
[preloop] still waiting: 1 job(s) queued, 0 debug session(s) paused on the server (preloop debug <id> to inspect)
[preloop] still waiting: 1 job(s) queued, 0 debug session(s) paused on the server (preloop debug <id> to inspect)
[preloop] still waiting: 1 job(s) queued, 0 debug session(s) paused on the server (preloop debug <id> to inspect)
[preloop] still waiting: 1 job(s) queued, 0 debug session(s) paused on the server (preloop debug <id> to inspect)
[preloop] still waiting: 1 job(s) queued, 0 debug session(s) paused on the server (preloop debug <id> to inspect)
[preloop] still waiting: 1 job(s) queued, 0 debug session(s) paused on the server (preloop debug <id> to inspect)
[preloop] still waiting: 1 job(s) queued, 0 debug session(s) paused on the server (preloop debug <id> to inspect)
[preloop] still waiting: 1 job(s) queued, 0 debug session(s) paused on the server (preloop debug <id> to inspect)
[preloop] still waiting: 1 job(s) queued, 0 debug session(s) paused on the server (preloop debug <id> to inspect)
[preloop] still waiting: 1 job(s) queued, 0 debug session(s) paused on the server (preloop debug <id> to inspect)
[preloop] still waiting: 1 job(s) queued, 0 debug session(s) paused on the server (preloop debug <id> to inspect)
[preloop] still waiting: 1 job(s) queued, 0 debug session(s) paused on the server (preloop debug <id> to inspect)
[preloop] still waiting: 1 job(s) queued, 0 debug session(s) paused on the server (preloop debug <id> to inspect)
[preloop] still waiting: 1 job(s) queued, 0 debug session(s) paused on the server (preloop debug <id> to inspect)
[preloop] still waiting: 1 job(s) queued, 0 debug session(s) paused on the server (preloop debug <id> to inspect)
[preloop] still waiting: 1 job(s) queued, 0 debug session(s) paused on the server (preloop debug <id> to inspect)
[preloop] still waiting: 1 job(s) queued, 0 debug session(s) paused on the server (preloop debug <id> to inspect)
[preloop] still waiting: 1 job(s) queued, 0 debug session(s) paused on the server (preloop debug <id> to inspect)
[preloop] still waiting: 1 job(s) queued, 0 debug session(s) paused on the server (preloop debug <id> to inspect)
  ⠋ build (InProgress)
  ✓ build (Success)
✓ Run: Success
